// Jest Snapshot v1, https://goo.gl/fbAQLP

exports[`fetches Homewood lift list correctly 1`] = `
Object {
  "lifts": Array [
    Object {
      "category": null,
      "name": "Madden Chair",
      "status": "closed",
    },
    Object {
      "category": null,
      "name": "Quail Chair",
      "status": "closed",
    },
    Object {
      "category": null,
      "name": "Ellis Chair",
      "status": "closed",
    },
    Object {
      "category": null,
      "name": "Old Homewood Express",
      "status": "closed",
    },
    Object {
      "category": null,
      "name": "South Carpet",
      "status": "closed",
    },
    Object {
      "category": null,
      "name": "Magic Carpet",
      "status": "closed",
    },
    Object {
      "category": null,
      "name": "Happy Platter",
      "status": "closed",
    },
    Object {
      "category": null,
      "name": "Alpine Platter",
      "status": "closed",
    },
  ],
}
`;

exports[`fetches Homewood trail list correctly 1`] = `
Object {
  "trails": Array [
    Object {
      "category": "Madden Chair",
      "level": "intermediate",
      "name": "Chute",
      "status": "closed",
    },
    Object {
      "category": "Madden Chair",
      "level": "intermediate",
      "name": "Cradle",
      "status": "closed",
    },
    Object {
      "category": "Madden Chair",
      "level": "intermediate",
      "name": "Last Resort",
      "status": "closed",
    },
    Object {
      "category": "Madden Chair",
      "level": "intermediate",
      "name": "Lombard Street",
      "status": "closed",
    },
    Object {
      "category": "Madden Chair",
      "level": "intermediate",
      "name": "Northern Return",
      "status": "closed",
    },
    Object {
      "category": "Madden Chair",
      "level": "intermediate",
      "name": "Ore Car",
      "status": "closed",
    },
    Object {
      "category": "Madden Chair",
      "level": "intermediate",
      "name": "Shaft",
      "status": "closed",
    },
    Object {
      "category": "Madden Chair",
      "level": "intermediate",
      "name": "Tailings",
      "status": "closed",
    },
    Object {
      "category": "Madden Chair",
      "level": "advanced",
      "name": "Glory Hole",
      "status": "closed",
    },
    Object {
      "category": "Madden Chair",
      "level": "advanced",
      "name": "Jimmy's Run",
      "status": "closed",
    },
    Object {
      "category": "Madden Chair",
      "level": "advanced",
      "name": "Race Course",
      "status": "closed",
    },
    Object {
      "category": "Madden Chair",
      "level": "advanced",
      "name": "The Face",
      "status": "closed",
    },
    Object {
      "category": "Quail Chair",
      "level": "beginner",
      "name": "Homewood Bound",
      "status": "closed",
    },
    Object {
      "category": "Quail Chair",
      "level": "beginner",
      "name": "Overload",
      "status": "closed",
    },
    Object {
      "category": "Quail Chair",
      "level": "intermediate",
      "name": "El Capitan",
      "status": "closed",
    },
    Object {
      "category": "Quail Chair",
      "level": "intermediate",
      "name": "Jug Handle",
      "status": "closed",
    },
    Object {
      "category": "Quail Chair",
      "level": "intermediate",
      "name": "Martin's Lane",
      "status": "closed",
    },
    Object {
      "category": "Quail Chair",
      "level": "intermediate",
      "name": "Mighty Fine",
      "status": "closed",
    },
    Object {
      "category": "Quail Chair",
      "level": "intermediate",
      "name": "Prospector",
      "status": "closed",
    },
    Object {
      "category": "Quail Chair",
      "level": "intermediate",
      "name": "Short Cut",
      "status": "closed",
    },
    Object {
      "category": "Quail Chair",
      "level": "intermediate",
      "name": "Sunnyside",
      "status": "closed",
    },
    Object {
      "category": "Quail Chair",
      "level": "advanced",
      "name": "Double Trouble",
      "status": "closed",
    },
    Object {
      "category": "Quail Chair",
      "level": "advanced",
      "name": "Drain Pipe",
      "status": "closed",
    },
    Object {
      "category": "Quail Chair",
      "level": "advanced",
      "name": "Exhibition",
      "status": "closed",
    },
    Object {
      "category": "Quail Chair",
      "level": "advanced",
      "name": "Spillway",
      "status": "closed",
    },
    Object {
      "category": "Ellis Chair",
      "level": "beginner",
      "name": "Rainbow Ridge",
      "status": "closed",
    },
    Object {
      "category": "Ellis Chair",
      "level": "beginner",
      "name": "Upper Homewood Bound",
      "status": "closed",
    },
    Object {
      "category": "Ellis Chair",
      "level": "intermediate",
      "name": "Cassandra's Crossing",
      "status": "closed",
    },
    Object {
      "category": "Ellis Chair",
      "level": "intermediate",
      "name": "Cedar Ridge",
      "status": "closed",
    },
    Object {
      "category": "Ellis Chair",
      "level": "intermediate",
      "name": "Hidden Vein",
      "status": "closed",
    },
    Object {
      "category": "Ellis Chair",
      "level": "intermediate",
      "name": "High Grade",
      "status": "closed",
    },
    Object {
      "category": "Ellis Chair",
      "level": "intermediate",
      "name": "Hoop's",
      "status": "closed",
    },
    Object {
      "category": "Ellis Chair",
      "level": "intermediate",
      "name": "Lower Ego Alley",
      "status": "closed",
    },
    Object {
      "category": "Ellis Chair",
      "level": "intermediate",
      "name": "Noonchester Traverse",
      "status": "closed",
    },
    Object {
      "category": "Ellis Chair",
      "level": "intermediate",
      "name": "Second Creek",
      "status": "closed",
    },
    Object {
      "category": "Ellis Chair",
      "level": "intermediate",
      "name": "Smooth Cruise",
      "status": "closed",
    },
    Object {
      "category": "Ellis Chair",
      "level": "intermediate",
      "name": "The Glades",
      "status": "closed",
    },
    Object {
      "category": "Ellis Chair",
      "level": "intermediate",
      "name": "Third Creek",
      "status": "closed",
    },
    Object {
      "category": "Ellis Chair",
      "level": "advanced",
      "name": "Big Dipper",
      "status": "closed",
    },
    Object {
      "category": "Ellis Chair",
      "level": "advanced",
      "name": "Blow Off",
      "status": "closed",
    },
    Object {
      "category": "Ellis Chair",
      "level": "advanced",
      "name": "Dutch Treat",
      "status": "closed",
    },
    Object {
      "category": "Ellis Chair",
      "level": "advanced",
      "name": "Ego Alley",
      "status": "closed",
    },
    Object {
      "category": "Ellis Chair",
      "level": "advanced",
      "name": "Hobbit Land",
      "status": "closed",
    },
    Object {
      "category": "Ellis Chair",
      "level": "advanced",
      "name": "Ivory Face",
      "status": "closed",
    },
    Object {
      "category": "Ellis Chair",
      "level": "advanced",
      "name": "Little Dipper",
      "status": "closed",
    },
    Object {
      "category": "Ellis Chair",
      "level": "advanced",
      "name": "Show Off",
      "status": "closed",
    },
    Object {
      "category": "Ellis Chair",
      "level": "advanced",
      "name": "The Shoulder",
      "status": "closed",
    },
    Object {
      "category": "Ellis Chair",
      "level": "advanced",
      "name": "White Lightning",
      "status": "closed",
    },
    Object {
      "category": "Ellis Chair",
      "level": "expert",
      "name": "55' Chutes",
      "status": "closed",
    },
    Object {
      "category": "Ellis Chair",
      "level": "expert",
      "name": "Main Cirque",
      "status": "closed",
    },
    Object {
      "category": "Ellis Chair",
      "level": "expert",
      "name": "Wally's Folly",
      "status": "closed",
    },
    Object {
      "category": "Old Homewood Express",
      "level": "intermediate",
      "name": "Bonanza",
      "status": "closed",
    },
    Object {
      "category": "Old Homewood Express",
      "level": "intermediate",
      "name": "Kolby's Escape",
      "status": "closed",
    },
    Object {
      "category": "Old Homewood Express",
      "level": "intermediate",
      "name": "Lake Louise",
      "status": "closed",
    },
    Object {
      "category": "Old Homewood Express",
      "level": "intermediate",
      "name": "Miner's Delight",
      "status": "closed",
    },
    Object {
      "category": "Old Homewood Express",
      "level": "intermediate",
      "name": "Pot O' Gold",
      "status": "closed",
    },
    Object {
      "category": "Old Homewood Express",
      "level": "intermediate",
      "name": "Wash Pan",
      "status": "closed",
    },
    Object {
      "category": "Old Homewood Express",
      "level": "advanced",
      "name": "Gilbert's Gulch",
      "status": "closed",
    },
    Object {
      "category": "Old Homewood Express",
      "level": "advanced",
      "name": "Juniper",
      "status": "closed",
    },
    Object {
      "category": "Old Homewood Express",
      "level": "advanced",
      "name": "Lasky Lane",
      "status": "closed",
    },
    Object {
      "category": "Old Homewood Express",
      "level": "advanced",
      "name": "Lower Lake Louise",
      "status": "closed",
    },
    Object {
      "category": "Old Homewood Express",
      "level": "advanced",
      "name": "Nugget",
      "status": "closed",
    },
    Object {
      "category": "Old Homewood Express",
      "level": "advanced",
      "name": "Woody Fellers",
      "status": "closed",
    },
    Object {
      "category": "South Carpet",
      "level": "beginner",
      "name": "Children's Center",
      "status": "closed",
    },
    Object {
      "category": "Magic Carpet",
      "level": "beginner",
      "name": "Easy Slider",
      "status": "closed",
    },
    Object {
      "category": "Happy Platter",
      "level": "beginner",
      "name": "Joyride",
      "status": "closed",
    },
    Object {
      "category": "Alpine Platter",
      "level": "beginner",
      "name": "Smooth Ride",
      "status": "closed",
    },
  ],
}
`;
