// Jest Snapshot v1, https://goo.gl/fbAQLP

exports[`fetches MtRose lift list correctly 1`] = `
Object {
  "lifts": Array [],
}
`;
